C:\Users\ramti\Desktop\ramtin legion pc\article_project\src\run_xai.py:133: ConstantInputWarning: An input array is constant; the correlation coefficient is not defined.
  "pearson_clean": round(float(pearsonr(
C:\Users\ramti\Desktop\ramtin legion pc\article_project\src\run_xai.py:135: ConstantInputWarning: An input array is constant; the correlation coefficient is not defined.
  "spearman_clean": round(float(spearmanr(
[xai] pdraw_wave: subset of 10 images, models=['resnet50', 'vgg16', 'efficientnet_b0', 'mobilenet_v3_large'], seed=42
  resnet50         V09HO01: done
  resnet50         V55HO10: done
  resnet50         V08HO01: done
  resnet50         V07HO01: done
  resnet50         V55HO11: done
  resnet50         V03PO01: done
  resnet50         V11PO01: done
  resnet50         V08PO01: done
  resnet50         V06PO01: done
  resnet50         V03PO07: done
  vgg16            V09HO01: done
  vgg16            V55HO10: done
  vgg16            V08HO01: done
  vgg16            V07HO01: done
  vgg16            V55HO11: done
  vgg16            V03PO01: done
  vgg16            V11PO01: done
  vgg16            V08PO01: done
  vgg16            V06PO01: done
  vgg16            V03PO07: done
  efficientnet_b0  V09HO01: done
  efficientnet_b0  V55HO10: done
  efficientnet_b0  V08HO01: done
  efficientnet_b0  V07HO01: done
  efficientnet_b0  V55HO11: done
  efficientnet_b0  V03PO01: done
  efficientnet_b0  V11PO01: done
  efficientnet_b0  V08PO01: done
  efficientnet_b0  V06PO01: done
  efficientnet_b0  V03PO07: done
  mobilenet_v3_large V09HO01: done
  mobilenet_v3_large V55HO10: done
  mobilenet_v3_large V08HO01: done
  mobilenet_v3_large V07HO01: done
  mobilenet_v3_large V55HO11: done
  mobilenet_v3_large V03PO01: done
  mobilenet_v3_large V11PO01: done
  mobilenet_v3_large V08PO01: done
  mobilenet_v3_large V06PO01: done
  mobilenet_v3_large V03PO07: done
[xai] saved -> ..\results\parts\s42\xai_pdraw_wave.csv
