C:\Users\ramti\Desktop\ramtin legion pc\article_project\src\run_xai.py:133: ConstantInputWarning: An input array is constant; the correlation coefficient is not defined.
  "pearson_clean": round(float(pearsonr(
C:\Users\ramti\Desktop\ramtin legion pc\article_project\src\run_xai.py:135: ConstantInputWarning: An input array is constant; the correlation coefficient is not defined.
  "spearman_clean": round(float(spearmanr(
[xai] handpd_meander: subset of 10 images, models=['resnet50', 'vgg16', 'efficientnet_b0', 'mobilenet_v3_large'], seed=44
  resnet50         0305-8: done
  resnet50         0102-6: done
  resnet50         0297-7: done
  resnet50         0102-5: done
  resnet50         0129-6: done
  resnet50         0024-8: done
  resnet50         0181-8: done
  resnet50         0138-7: done
  resnet50         0038-5: done
  resnet50         0003-6: done
  vgg16            0305-8: done
  vgg16            0102-6: done
  vgg16            0297-7: done
  vgg16            0102-5: done
  vgg16            0129-6: done
  vgg16            0024-8: done
  vgg16            0181-8: done
  vgg16            0138-7: done
  vgg16            0038-5: done
  vgg16            0003-6: done
  efficientnet_b0  0305-8: done
  efficientnet_b0  0102-6: done
  efficientnet_b0  0297-7: done
  efficientnet_b0  0102-5: done
  efficientnet_b0  0129-6: done
  efficientnet_b0  0024-8: done
  efficientnet_b0  0181-8: done
  efficientnet_b0  0138-7: done
  efficientnet_b0  0038-5: done
  efficientnet_b0  0003-6: done
  mobilenet_v3_large 0305-8: done
  mobilenet_v3_large 0102-6: done
  mobilenet_v3_large 0297-7: done
  mobilenet_v3_large 0102-5: done
  mobilenet_v3_large 0129-6: done
  mobilenet_v3_large 0024-8: done
  mobilenet_v3_large 0181-8: done
  mobilenet_v3_large 0138-7: done
  mobilenet_v3_large 0038-5: done
  mobilenet_v3_large 0003-6: done
[xai] saved -> ..\results\parts\s44\xai_handpd_meander.csv
